<?xml version="1.0" encoding="UTF-8"?>
<dataset>
  <people first_name="foo" last_name="bar" version="3" />
</dataset>
